// Jest Snapshot v1, https://goo.gl/fbAQLP

exports[`renders correctly 1`] = `
Array [
  <header
    className="MuiPaper-root-14 MuiPaper-elevation4-20 MuiAppBar-root-5 MuiAppBar-positionFixed-6 MuiAppBar-colorDefault-11 mui-fixed"
  >
    <div
      className="MuiToolbar-root-41 MuiToolbar-regular-43 MuiToolbar-gutters-42"
    >
      <a
        className="MuiButtonBase-root-51 MuiIconButton-root-45 AppPage-homeButton-2"
        href="/"
        onBlur={[Function]}
        onClick={[Function]}
        onFocus={[Function]}
        onKeyDown={[Function]}
        onKeyUp={[Function]}
        onMouseDown={[Function]}
        onMouseLeave={[Function]}
        onMouseUp={[Function]}
        onTouchEnd={[Function]}
        onTouchMove={[Function]}
        onTouchStart={[Function]}
        role="button"
        tabIndex="0"
      >
        <span
          className="MuiIconButton-label-50"
        >
          <svg
            aria-hidden="true"
            className="MuiSvgIcon-root-54"
            focusable="false"
            role="presentation"
            viewBox="0 0 24 24"
          >
            <path
              d="M10 20v-6h4v6h5v-8h3L12 3 2 12h3v8z"
            />
            <path
              d="M0 0h24v24H0z"
              fill="none"
            />
          </svg>
        </span>
        <span
          className="MuiTouchRipple-root-127"
        />
      </a>
      <button
        className="MuiButtonBase-root-51 MuiButtonBase-disabled-52 MuiIconButton-root-45 MuiIconButton-disabled-49"
        disabled={true}
        onBlur={[Function]}
        onClick={[Function]}
        onFocus={[Function]}
        onKeyDown={[Function]}
        onKeyUp={[Function]}
        onMouseDown={[Function]}
        onMouseLeave={[Function]}
        onMouseUp={[Function]}
        onTouchEnd={[Function]}
        onTouchMove={[Function]}
        onTouchStart={[Function]}
        tabIndex="-1"
        type="button"
      >
        <span
          className="MuiIconButton-label-50"
        >
          <svg
            aria-hidden="true"
            className="MuiSvgIcon-root-54"
            focusable="false"
            role="presentation"
            viewBox="0 0 24 24"
          >
            <path
              d="M0 0h24v24H0z"
              fill="none"
            />
            <path
              d="M20 11H7.83l5.59-5.59L12 4l-8 8 8 8 1.41-1.41L7.83 13H20v-2z"
            />
          </svg>
        </span>
      </button>
      <button
        className="MuiButtonBase-root-51 MuiButtonBase-disabled-52 MuiIconButton-root-45 MuiIconButton-disabled-49"
        disabled={true}
        onBlur={[Function]}
        onClick={[Function]}
        onFocus={[Function]}
        onKeyDown={[Function]}
        onKeyUp={[Function]}
        onMouseDown={[Function]}
        onMouseLeave={[Function]}
        onMouseUp={[Function]}
        onTouchEnd={[Function]}
        onTouchMove={[Function]}
        onTouchStart={[Function]}
        tabIndex="-1"
        type="button"
      >
        <span
          className="MuiIconButton-label-50"
        >
          <svg
            aria-hidden="true"
            className="MuiSvgIcon-root-54"
            focusable="false"
            role="presentation"
            viewBox="0 0 24 24"
          >
            <path
              d="M0 0h24v24H0z"
              fill="none"
            />
            <path
              d="M12 4l-1.41 1.41L16.17 11H4v2h12.17l-5.58 5.59L12 20l8-8z"
            />
          </svg>
        </span>
      </button>
      <h2
        className="MuiTypography-root-63 MuiTypography-title-69 MuiTypography-colorInherit-92 AppPage-grow-1"
      >
        Table tops
      </h2>
      <a
        className="AppPage-safetecLink-3"
        href="https://www.safetec.no/"
      >
        <img
          alt="Levert av Safetec"
          height="44px"
          src="safetec.svg"
          width="153px"
        />
      </a>
    </div>
  </header>,
  <div
    className="AppPage-content-4"
  >
    <div
      className="MuiPaper-root-14 MuiPaper-elevation2-18 MuiPaper-rounded-15"
      style={
        Object {
          "margin": "1em",
          "padding": "1em",
        }
      }
    >
      <div
        className="EntityInfo-container-98"
      >
        <img
          alt="Table Top"
          className="EntityInfo-avatar-99"
          src="tableTops.svg"
        />
        <div
          className="EntityInfo-info-100"
        >
          <h1
            className="MuiTypography-root-63 MuiTypography-headline-68"
          >
            DFU 
            1
          </h1>
          <h3
            className="MuiTypography-root-63 MuiTypography-subheading-70"
          >
            Uantent/Antent hydrokarbonlekkasje
          </h3>
        </div>
      </div>
      <h3
        className="MuiTypography-root-63 MuiTypography-subheading-70 MuiTypography-gutterBottom-90"
      >
        Scenario:
      </h3>
      <p
        className="MuiTypography-root-63 MuiTypography-body1-72 MuiTypography-paragraph-91"
      >
        Lekkasje i turret
      </p>
      <h3
        className="MuiTypography-root-63 MuiTypography-subheading-70 MuiTypography-gutterBottom-90"
      >
        Scenariobeskrivelse:
      </h3>
      <p
        className="MuiTypography-root-63 MuiTypography-body1-72 MuiTypography-paragraph-91"
      >
        
      </p>
      <h3
        className="MuiTypography-root-63 MuiTypography-subheading-70 MuiTypography-gutterBottom-90"
      >
        Utvikling:
      </h3>
      <p
        className="MuiTypography-root-63 MuiTypography-body1-72 MuiTypography-paragraph-91"
      >
        Trenger data
      </p>
      <a
        className="MuiButtonBase-root-51 MuiButton-root-101 MuiButton-contained-112 MuiButton-containedPrimary-113 MuiButton-raised-115 MuiButton-raisedPrimary-116"
        href="/undefineddebrief/"
        onBlur={[Function]}
        onClick={[Function]}
        onFocus={[Function]}
        onKeyDown={[Function]}
        onKeyUp={[Function]}
        onMouseDown={[Function]}
        onMouseLeave={[Function]}
        onMouseUp={[Function]}
        onTouchEnd={[Function]}
        onTouchMove={[Function]}
        onTouchStart={[Function]}
        role="button"
        tabIndex="0"
      >
        <span
          className="MuiButton-label-102"
        >
          Debrief
        </span>
        <span
          className="MuiTouchRipple-root-127"
        />
      </a>
    </div>
  </div>,
]
`;
