// Jest Snapshot v1, https://goo.gl/fbAQLP

exports[`renders correctly 1`] = `
Array [
  <header
    className="MuiPaper-root-14 MuiPaper-elevation4-20 MuiAppBar-root-5 MuiAppBar-positionFixed-6 MuiAppBar-colorDefault-11 mui-fixed"
  >
    <div
      className="MuiToolbar-root-41 MuiToolbar-regular-43 MuiToolbar-gutters-42"
    >
      <a
        className="MuiButtonBase-root-51 MuiIconButton-root-45 AppPage-homeButton-2"
        href="/"
        onBlur={[Function]}
        onClick={[Function]}
        onFocus={[Function]}
        onKeyDown={[Function]}
        onKeyUp={[Function]}
        onMouseDown={[Function]}
        onMouseLeave={[Function]}
        onMouseUp={[Function]}
        onTouchEnd={[Function]}
        onTouchMove={[Function]}
        onTouchStart={[Function]}
        role="button"
        tabIndex="0"
      >
        <span
          className="MuiIconButton-label-50"
        >
          <svg
            aria-hidden="true"
            className="MuiSvgIcon-root-54"
            focusable="false"
            role="presentation"
            viewBox="0 0 24 24"
          >
            <path
              d="M10 20v-6h4v6h5v-8h3L12 3 2 12h3v8z"
            />
            <path
              d="M0 0h24v24H0z"
              fill="none"
            />
          </svg>
        </span>
        <span
          className="MuiTouchRipple-root-134"
        />
      </a>
      <button
        className="MuiButtonBase-root-51 MuiButtonBase-disabled-52 MuiIconButton-root-45 MuiIconButton-disabled-49"
        disabled={true}
        onBlur={[Function]}
        onClick={[Function]}
        onFocus={[Function]}
        onKeyDown={[Function]}
        onKeyUp={[Function]}
        onMouseDown={[Function]}
        onMouseLeave={[Function]}
        onMouseUp={[Function]}
        onTouchEnd={[Function]}
        onTouchMove={[Function]}
        onTouchStart={[Function]}
        tabIndex="-1"
        type="button"
      >
        <span
          className="MuiIconButton-label-50"
        >
          <svg
            aria-hidden="true"
            className="MuiSvgIcon-root-54"
            focusable="false"
            role="presentation"
            viewBox="0 0 24 24"
          >
            <path
              d="M0 0h24v24H0z"
              fill="none"
            />
            <path
              d="M20 11H7.83l5.59-5.59L12 4l-8 8 8 8 1.41-1.41L7.83 13H20v-2z"
            />
          </svg>
        </span>
      </button>
      <button
        className="MuiButtonBase-root-51 MuiButtonBase-disabled-52 MuiIconButton-root-45 MuiIconButton-disabled-49"
        disabled={true}
        onBlur={[Function]}
        onClick={[Function]}
        onFocus={[Function]}
        onKeyDown={[Function]}
        onKeyUp={[Function]}
        onMouseDown={[Function]}
        onMouseLeave={[Function]}
        onMouseUp={[Function]}
        onTouchEnd={[Function]}
        onTouchMove={[Function]}
        onTouchStart={[Function]}
        tabIndex="-1"
        type="button"
      >
        <span
          className="MuiIconButton-label-50"
        >
          <svg
            aria-hidden="true"
            className="MuiSvgIcon-root-54"
            focusable="false"
            role="presentation"
            viewBox="0 0 24 24"
          >
            <path
              d="M0 0h24v24H0z"
              fill="none"
            />
            <path
              d="M12 4l-1.41 1.41L16.17 11H4v2h12.17l-5.58 5.59L12 20l8-8z"
            />
          </svg>
        </span>
      </button>
      <h2
        className="MuiTypography-root-63 MuiTypography-title-69 MuiTypography-colorInherit-92 AppPage-grow-1"
      >
        Trening
      </h2>
      <a
        className="AppPage-safetecLink-3"
        href="https://www.safetec.no/"
      >
        <img
          alt="Levert av Safetec"
          height="44px"
          src="safetec.svg"
          width="153px"
        />
      </a>
    </div>
  </header>,
  <div
    className="AppPage-content-4"
  >
    <div
      className="MuiPaper-root-14 MuiPaper-elevation2-18 MuiPaper-rounded-15"
      style={
        Object {
          "margin": "1em",
          "padding": "1em",
        }
      }
    >
      <div
        className="EntityInfo-container-98"
      >
        <img
          alt="Trening"
          className="EntityInfo-avatar-99"
          src="training.svg"
        />
        <div
          className="EntityInfo-info-100"
        >
          <h1
            className="MuiTypography-root-63 MuiTypography-headline-68"
          >
            Utstyrstrening
          </h1>
          <h3
            className="MuiTypography-root-63 MuiTypography-subheading-70"
          />
        </div>
      </div>
      <h3
        className="MuiTypography-root-63 MuiTypography-subheading-70 MuiTypography-gutterBottom-90"
      >
        Mål:
      </h3>
      <p
        className="MuiTypography-root-63 MuiTypography-body1-72 MuiTypography-paragraph-91"
      >
        Være kjent med eget utstyr  og bruken av dette
      </p>
      <h3
        className="MuiTypography-root-63 MuiTypography-subheading-70 MuiTypography-gutterBottom-90"
      >
        Oppsett:
      </h3>
      <p
        className="MuiTypography-root-63 MuiTypography-body1-72"
      >
        Påkledning av innsatsbekledning
      </p>
      <p
        className="MuiTypography-root-63 MuiTypography-body1-72"
      >
        Gjennomgang av bruk av røykdykkerapparat
      </p>
      <p
        className="MuiTypography-root-63 MuiTypography-body1-72"
      >
        Bytte av luftflaske - røykdykkerapparat
      </p>
      <p
        className="MuiTypography-root-63 MuiTypography-body1-72"
      >
        Gjennomgang og test av kommunikasjon
      </p>
      <p
        className="MuiTypography-root-63 MuiTypography-body1-72"
      >
        Bli kjent runde ved behov
      </p>
      <div
        className="PersonList-root-101"
      >
        <h3
          className="MuiTypography-root-63 MuiTypography-subheading-70 MuiTypography-gutterBottom-90"
          style={
            Object {
              "marginTop": "24px",
            }
          }
        >
          Deltakere:
        </h3>
        <ul
          className="MuiList-root-103 MuiList-padding-104"
        >
          <div
            className="MuiButtonBase-root-51 MuiListItem-root-107 MuiListItem-default-110 MuiListItem-gutters-114 MuiListItem-button-115 PersonList-listItem-102"
            onBlur={[Function]}
            onClick={[Function]}
            onFocus={[Function]}
            onKeyDown={[Function]}
            onKeyUp={[Function]}
            onMouseDown={[Function]}
            onMouseLeave={[Function]}
            onMouseUp={[Function]}
            onTouchEnd={[Function]}
            onTouchMove={[Function]}
            onTouchStart={[Function]}
            role="button"
            tabIndex="0"
          >
            <span
              className="MuiButtonBase-root-51 MuiIconButton-root-45 MuiPrivateSwitchBase-root-124 MuiCheckbox-root-118 MuiCheckbox-colorPrimary-122"
              onBlur={[Function]}
              onFocus={[Function]}
              onKeyDown={[Function]}
              onKeyUp={[Function]}
              onMouseDown={[Function]}
              onMouseLeave={[Function]}
              onMouseUp={[Function]}
              onTouchEnd={[Function]}
              onTouchMove={[Function]}
              onTouchStart={[Function]}
              tabIndex={null}
            >
              <span
                className="MuiIconButton-label-50"
              >
                <svg
                  aria-hidden="true"
                  className="MuiSvgIcon-root-54"
                  focusable="false"
                  role="presentation"
                  viewBox="0 0 24 24"
                >
                  <path
                    d="M19 5v14H5V5h14m0-2H5c-1.1 0-2 .9-2 2v14c0 1.1.9 2 2 2h14c1.1 0 2-.9 2-2V5c0-1.1-.9-2-2-2z"
                  />
                </svg>
                <input
                  checked={false}
                  className="MuiPrivateSwitchBase-input-127"
                  data-indeterminate={false}
                  onChange={[Function]}
                  tabIndex={-1}
                  type="checkbox"
                />
              </span>
            </span>
            <div
              className="MuiListItemText-root-128"
            >
              <span
                className="MuiTypography-root-63 MuiTypography-subheading-70 MuiListItemText-primary-131"
              >
                Marie Danielsen
              </span>
            </div>
            <span
              className="MuiTouchRipple-root-134"
            />
          </div>
          <div
            className="MuiButtonBase-root-51 MuiListItem-root-107 MuiListItem-default-110 MuiListItem-gutters-114 MuiListItem-button-115 PersonList-listItem-102"
            onBlur={[Function]}
            onClick={[Function]}
            onFocus={[Function]}
            onKeyDown={[Function]}
            onKeyUp={[Function]}
            onMouseDown={[Function]}
            onMouseLeave={[Function]}
            onMouseUp={[Function]}
            onTouchEnd={[Function]}
            onTouchMove={[Function]}
            onTouchStart={[Function]}
            role="button"
            tabIndex="0"
          >
            <span
              className="MuiButtonBase-root-51 MuiIconButton-root-45 MuiPrivateSwitchBase-root-124 MuiCheckbox-root-118 MuiCheckbox-colorPrimary-122"
              onBlur={[Function]}
              onFocus={[Function]}
              onKeyDown={[Function]}
              onKeyUp={[Function]}
              onMouseDown={[Function]}
              onMouseLeave={[Function]}
              onMouseUp={[Function]}
              onTouchEnd={[Function]}
              onTouchMove={[Function]}
              onTouchStart={[Function]}
              tabIndex={null}
            >
              <span
                className="MuiIconButton-label-50"
              >
                <svg
                  aria-hidden="true"
                  className="MuiSvgIcon-root-54"
                  focusable="false"
                  role="presentation"
                  viewBox="0 0 24 24"
                >
                  <path
                    d="M19 5v14H5V5h14m0-2H5c-1.1 0-2 .9-2 2v14c0 1.1.9 2 2 2h14c1.1 0 2-.9 2-2V5c0-1.1-.9-2-2-2z"
                  />
                </svg>
                <input
                  checked={false}
                  className="MuiPrivateSwitchBase-input-127"
                  data-indeterminate={false}
                  onChange={[Function]}
                  tabIndex={-1}
                  type="checkbox"
                />
              </span>
            </span>
            <div
              className="MuiListItemText-root-128"
            >
              <span
                className="MuiTypography-root-63 MuiTypography-subheading-70 MuiListItemText-primary-131"
              >
                Lars Arnesen
              </span>
            </div>
            <span
              className="MuiTouchRipple-root-134"
            />
          </div>
          <div
            className="MuiButtonBase-root-51 MuiListItem-root-107 MuiListItem-default-110 MuiListItem-gutters-114 MuiListItem-button-115 PersonList-listItem-102"
            onBlur={[Function]}
            onClick={[Function]}
            onFocus={[Function]}
            onKeyDown={[Function]}
            onKeyUp={[Function]}
            onMouseDown={[Function]}
            onMouseLeave={[Function]}
            onMouseUp={[Function]}
            onTouchEnd={[Function]}
            onTouchMove={[Function]}
            onTouchStart={[Function]}
            role="button"
            tabIndex="0"
          >
            <span
              className="MuiButtonBase-root-51 MuiIconButton-root-45 MuiPrivateSwitchBase-root-124 MuiCheckbox-root-118 MuiCheckbox-colorPrimary-122"
              onBlur={[Function]}
              onFocus={[Function]}
              onKeyDown={[Function]}
              onKeyUp={[Function]}
              onMouseDown={[Function]}
              onMouseLeave={[Function]}
              onMouseUp={[Function]}
              onTouchEnd={[Function]}
              onTouchMove={[Function]}
              onTouchStart={[Function]}
              tabIndex={null}
            >
              <span
                className="MuiIconButton-label-50"
              >
                <svg
                  aria-hidden="true"
                  className="MuiSvgIcon-root-54"
                  focusable="false"
                  role="presentation"
                  viewBox="0 0 24 24"
                >
                  <path
                    d="M19 5v14H5V5h14m0-2H5c-1.1 0-2 .9-2 2v14c0 1.1.9 2 2 2h14c1.1 0 2-.9 2-2V5c0-1.1-.9-2-2-2z"
                  />
                </svg>
                <input
                  checked={false}
                  className="MuiPrivateSwitchBase-input-127"
                  data-indeterminate={false}
                  onChange={[Function]}
                  tabIndex={-1}
                  type="checkbox"
                />
              </span>
            </span>
            <div
              className="MuiListItemText-root-128"
            >
              <span
                className="MuiTypography-root-63 MuiTypography-subheading-70 MuiListItemText-primary-131"
              >
                Tor Antonsen
              </span>
            </div>
            <span
              className="MuiTouchRipple-root-134"
            />
          </div>
          <div
            className="MuiButtonBase-root-51 MuiListItem-root-107 MuiListItem-default-110 MuiListItem-gutters-114 MuiListItem-button-115 PersonList-listItem-102"
            onBlur={[Function]}
            onClick={[Function]}
            onFocus={[Function]}
            onKeyDown={[Function]}
            onKeyUp={[Function]}
            onMouseDown={[Function]}
            onMouseLeave={[Function]}
            onMouseUp={[Function]}
            onTouchEnd={[Function]}
            onTouchMove={[Function]}
            onTouchStart={[Function]}
            role="button"
            tabIndex="0"
          >
            <span
              className="MuiButtonBase-root-51 MuiIconButton-root-45 MuiPrivateSwitchBase-root-124 MuiCheckbox-root-118 MuiCheckbox-colorPrimary-122"
              onBlur={[Function]}
              onFocus={[Function]}
              onKeyDown={[Function]}
              onKeyUp={[Function]}
              onMouseDown={[Function]}
              onMouseLeave={[Function]}
              onMouseUp={[Function]}
              onTouchEnd={[Function]}
              onTouchMove={[Function]}
              onTouchStart={[Function]}
              tabIndex={null}
            >
              <span
                className="MuiIconButton-label-50"
              >
                <svg
                  aria-hidden="true"
                  className="MuiSvgIcon-root-54"
                  focusable="false"
                  role="presentation"
                  viewBox="0 0 24 24"
                >
                  <path
                    d="M19 5v14H5V5h14m0-2H5c-1.1 0-2 .9-2 2v14c0 1.1.9 2 2 2h14c1.1 0 2-.9 2-2V5c0-1.1-.9-2-2-2z"
                  />
                </svg>
                <input
                  checked={false}
                  className="MuiPrivateSwitchBase-input-127"
                  data-indeterminate={false}
                  onChange={[Function]}
                  tabIndex={-1}
                  type="checkbox"
                />
              </span>
            </span>
            <div
              className="MuiListItemText-root-128"
            >
              <span
                className="MuiTypography-root-63 MuiTypography-subheading-70 MuiListItemText-primary-131"
              >
                Fredrik Birkeland
              </span>
            </div>
            <span
              className="MuiTouchRipple-root-134"
            />
          </div>
          <div
            className="MuiButtonBase-root-51 MuiListItem-root-107 MuiListItem-default-110 MuiListItem-gutters-114 MuiListItem-button-115 PersonList-listItem-102"
            onBlur={[Function]}
            onClick={[Function]}
            onFocus={[Function]}
            onKeyDown={[Function]}
            onKeyUp={[Function]}
            onMouseDown={[Function]}
            onMouseLeave={[Function]}
            onMouseUp={[Function]}
            onTouchEnd={[Function]}
            onTouchMove={[Function]}
            onTouchStart={[Function]}
            role="button"
            tabIndex="0"
          >
            <span
              className="MuiButtonBase-root-51 MuiIconButton-root-45 MuiPrivateSwitchBase-root-124 MuiCheckbox-root-118 MuiCheckbox-colorPrimary-122"
              onBlur={[Function]}
              onFocus={[Function]}
              onKeyDown={[Function]}
              onKeyUp={[Function]}
              onMouseDown={[Function]}
              onMouseLeave={[Function]}
              onMouseUp={[Function]}
              onTouchEnd={[Function]}
              onTouchMove={[Function]}
              onTouchStart={[Function]}
              tabIndex={null}
            >
              <span
                className="MuiIconButton-label-50"
              >
                <svg
                  aria-hidden="true"
                  className="MuiSvgIcon-root-54"
                  focusable="false"
                  role="presentation"
                  viewBox="0 0 24 24"
                >
                  <path
                    d="M19 5v14H5V5h14m0-2H5c-1.1 0-2 .9-2 2v14c0 1.1.9 2 2 2h14c1.1 0 2-.9 2-2V5c0-1.1-.9-2-2-2z"
                  />
                </svg>
                <input
                  checked={false}
                  className="MuiPrivateSwitchBase-input-127"
                  data-indeterminate={false}
                  onChange={[Function]}
                  tabIndex={-1}
                  type="checkbox"
                />
              </span>
            </span>
            <div
              className="MuiListItemText-root-128"
            >
              <span
                className="MuiTypography-root-63 MuiTypography-subheading-70 MuiListItemText-primary-131"
              >
                Liv Aasen
              </span>
            </div>
            <span
              className="MuiTouchRipple-root-134"
            />
          </div>
        </ul>
      </div>
    </div>
  </div>,
]
`;
