// Jest Snapshot v1, https://goo.gl/fbAQLP

exports[`renders correctly 1`] = `
<div
  className="PersonList-root-1"
>
  <h3
    className="MuiTypography-root-3 MuiTypography-subheading-10 MuiTypography-gutterBottom-30"
    style={
      Object {
        "marginTop": "24px",
      }
    }
  >
    Deltakere:
  </h3>
  <ul
    className="MuiList-root-38 MuiList-padding-39"
  >
    <div
      className="MuiButtonBase-root-53 MuiListItem-root-42 MuiListItem-default-45 MuiListItem-gutters-49 MuiListItem-button-50 PersonList-listItem-2"
      onBlur={[Function]}
      onClick={[Function]}
      onFocus={[Function]}
      onKeyDown={[Function]}
      onKeyUp={[Function]}
      onMouseDown={[Function]}
      onMouseLeave={[Function]}
      onMouseUp={[Function]}
      onTouchEnd={[Function]}
      onTouchMove={[Function]}
      onTouchStart={[Function]}
      role="button"
      tabIndex="0"
    >
      <span
        className="MuiButtonBase-root-53 MuiIconButton-root-66 MuiPrivateSwitchBase-root-62 MuiCheckbox-root-56 MuiCheckbox-colorPrimary-60"
        onBlur={[Function]}
        onFocus={[Function]}
        onKeyDown={[Function]}
        onKeyUp={[Function]}
        onMouseDown={[Function]}
        onMouseLeave={[Function]}
        onMouseUp={[Function]}
        onTouchEnd={[Function]}
        onTouchMove={[Function]}
        onTouchStart={[Function]}
        tabIndex={null}
      >
        <span
          className="MuiIconButton-label-71"
        >
          <svg
            aria-hidden="true"
            className="MuiSvgIcon-root-72"
            focusable="false"
            role="presentation"
            viewBox="0 0 24 24"
          >
            <path
              d="M19 5v14H5V5h14m0-2H5c-1.1 0-2 .9-2 2v14c0 1.1.9 2 2 2h14c1.1 0 2-.9 2-2V5c0-1.1-.9-2-2-2z"
            />
          </svg>
          <input
            checked={false}
            className="MuiPrivateSwitchBase-input-65"
            data-indeterminate={false}
            onChange={[Function]}
            tabIndex={-1}
            type="checkbox"
          />
        </span>
      </span>
      <div
        className="MuiListItemText-root-81"
      >
        <span
          className="MuiTypography-root-3 MuiTypography-subheading-10 MuiListItemText-primary-84"
        >
          Jan Andersen
        </span>
      </div>
      <span
        className="MuiTouchRipple-root-87"
      />
    </div>
    <div
      className="MuiButtonBase-root-53 MuiListItem-root-42 MuiListItem-default-45 MuiListItem-gutters-49 MuiListItem-button-50 PersonList-listItem-2"
      onBlur={[Function]}
      onClick={[Function]}
      onFocus={[Function]}
      onKeyDown={[Function]}
      onKeyUp={[Function]}
      onMouseDown={[Function]}
      onMouseLeave={[Function]}
      onMouseUp={[Function]}
      onTouchEnd={[Function]}
      onTouchMove={[Function]}
      onTouchStart={[Function]}
      role="button"
      tabIndex="0"
    >
      <span
        className="MuiButtonBase-root-53 MuiIconButton-root-66 MuiPrivateSwitchBase-root-62 MuiCheckbox-root-56 MuiCheckbox-colorPrimary-60"
        onBlur={[Function]}
        onFocus={[Function]}
        onKeyDown={[Function]}
        onKeyUp={[Function]}
        onMouseDown={[Function]}
        onMouseLeave={[Function]}
        onMouseUp={[Function]}
        onTouchEnd={[Function]}
        onTouchMove={[Function]}
        onTouchStart={[Function]}
        tabIndex={null}
      >
        <span
          className="MuiIconButton-label-71"
        >
          <svg
            aria-hidden="true"
            className="MuiSvgIcon-root-72"
            focusable="false"
            role="presentation"
            viewBox="0 0 24 24"
          >
            <path
              d="M19 5v14H5V5h14m0-2H5c-1.1 0-2 .9-2 2v14c0 1.1.9 2 2 2h14c1.1 0 2-.9 2-2V5c0-1.1-.9-2-2-2z"
            />
          </svg>
          <input
            checked={false}
            className="MuiPrivateSwitchBase-input-65"
            data-indeterminate={false}
            onChange={[Function]}
            tabIndex={-1}
            type="checkbox"
          />
        </span>
      </span>
      <div
        className="MuiListItemText-root-81"
      >
        <span
          className="MuiTypography-root-3 MuiTypography-subheading-10 MuiListItemText-primary-84"
        >
          Ole Berg
        </span>
      </div>
      <span
        className="MuiTouchRipple-root-87"
      />
    </div>
    <div
      className="MuiButtonBase-root-53 MuiListItem-root-42 MuiListItem-default-45 MuiListItem-gutters-49 MuiListItem-button-50 PersonList-listItem-2"
      onBlur={[Function]}
      onClick={[Function]}
      onFocus={[Function]}
      onKeyDown={[Function]}
      onKeyUp={[Function]}
      onMouseDown={[Function]}
      onMouseLeave={[Function]}
      onMouseUp={[Function]}
      onTouchEnd={[Function]}
      onTouchMove={[Function]}
      onTouchStart={[Function]}
      role="button"
      tabIndex="0"
    >
      <span
        className="MuiButtonBase-root-53 MuiIconButton-root-66 MuiPrivateSwitchBase-root-62 MuiCheckbox-root-56 MuiCheckbox-colorPrimary-60"
        onBlur={[Function]}
        onFocus={[Function]}
        onKeyDown={[Function]}
        onKeyUp={[Function]}
        onMouseDown={[Function]}
        onMouseLeave={[Function]}
        onMouseUp={[Function]}
        onTouchEnd={[Function]}
        onTouchMove={[Function]}
        onTouchStart={[Function]}
        tabIndex={null}
      >
        <span
          className="MuiIconButton-label-71"
        >
          <svg
            aria-hidden="true"
            className="MuiSvgIcon-root-72"
            focusable="false"
            role="presentation"
            viewBox="0 0 24 24"
          >
            <path
              d="M19 5v14H5V5h14m0-2H5c-1.1 0-2 .9-2 2v14c0 1.1.9 2 2 2h14c1.1 0 2-.9 2-2V5c0-1.1-.9-2-2-2z"
            />
          </svg>
          <input
            checked={false}
            className="MuiPrivateSwitchBase-input-65"
            data-indeterminate={false}
            onChange={[Function]}
            tabIndex={-1}
            type="checkbox"
          />
        </span>
      </span>
      <div
        className="MuiListItemText-root-81"
      >
        <span
          className="MuiTypography-root-3 MuiTypography-subheading-10 MuiListItemText-primary-84"
        >
          Marianne Andreassen
        </span>
      </div>
      <span
        className="MuiTouchRipple-root-87"
      />
    </div>
    <div
      className="MuiButtonBase-root-53 MuiListItem-root-42 MuiListItem-default-45 MuiListItem-gutters-49 MuiListItem-button-50 PersonList-listItem-2"
      onBlur={[Function]}
      onClick={[Function]}
      onFocus={[Function]}
      onKeyDown={[Function]}
      onKeyUp={[Function]}
      onMouseDown={[Function]}
      onMouseLeave={[Function]}
      onMouseUp={[Function]}
      onTouchEnd={[Function]}
      onTouchMove={[Function]}
      onTouchStart={[Function]}
      role="button"
      tabIndex="0"
    >
      <span
        className="MuiButtonBase-root-53 MuiIconButton-root-66 MuiPrivateSwitchBase-root-62 MuiCheckbox-root-56 MuiCheckbox-colorPrimary-60"
        onBlur={[Function]}
        onFocus={[Function]}
        onKeyDown={[Function]}
        onKeyUp={[Function]}
        onMouseDown={[Function]}
        onMouseLeave={[Function]}
        onMouseUp={[Function]}
        onTouchEnd={[Function]}
        onTouchMove={[Function]}
        onTouchStart={[Function]}
        tabIndex={null}
      >
        <span
          className="MuiIconButton-label-71"
        >
          <svg
            aria-hidden="true"
            className="MuiSvgIcon-root-72"
            focusable="false"
            role="presentation"
            viewBox="0 0 24 24"
          >
            <path
              d="M19 5v14H5V5h14m0-2H5c-1.1 0-2 .9-2 2v14c0 1.1.9 2 2 2h14c1.1 0 2-.9 2-2V5c0-1.1-.9-2-2-2z"
            />
          </svg>
          <input
            checked={false}
            className="MuiPrivateSwitchBase-input-65"
            data-indeterminate={false}
            onChange={[Function]}
            tabIndex={-1}
            type="checkbox"
          />
        </span>
      </span>
      <div
        className="MuiListItemText-root-81"
      >
        <span
          className="MuiTypography-root-3 MuiTypography-subheading-10 MuiListItemText-primary-84"
        >
          Hans Bakken
        </span>
      </div>
      <span
        className="MuiTouchRipple-root-87"
      />
    </div>
    <div
      className="MuiButtonBase-root-53 MuiListItem-root-42 MuiListItem-default-45 MuiListItem-gutters-49 MuiListItem-button-50 PersonList-listItem-2"
      onBlur={[Function]}
      onClick={[Function]}
      onFocus={[Function]}
      onKeyDown={[Function]}
      onKeyUp={[Function]}
      onMouseDown={[Function]}
      onMouseLeave={[Function]}
      onMouseUp={[Function]}
      onTouchEnd={[Function]}
      onTouchMove={[Function]}
      onTouchStart={[Function]}
      role="button"
      tabIndex="0"
    >
      <span
        className="MuiButtonBase-root-53 MuiIconButton-root-66 MuiPrivateSwitchBase-root-62 MuiCheckbox-root-56 MuiCheckbox-colorPrimary-60"
        onBlur={[Function]}
        onFocus={[Function]}
        onKeyDown={[Function]}
        onKeyUp={[Function]}
        onMouseDown={[Function]}
        onMouseLeave={[Function]}
        onMouseUp={[Function]}
        onTouchEnd={[Function]}
        onTouchMove={[Function]}
        onTouchStart={[Function]}
        tabIndex={null}
      >
        <span
          className="MuiIconButton-label-71"
        >
          <svg
            aria-hidden="true"
            className="MuiSvgIcon-root-72"
            focusable="false"
            role="presentation"
            viewBox="0 0 24 24"
          >
            <path
              d="M19 5v14H5V5h14m0-2H5c-1.1 0-2 .9-2 2v14c0 1.1.9 2 2 2h14c1.1 0 2-.9 2-2V5c0-1.1-.9-2-2-2z"
            />
          </svg>
          <input
            checked={false}
            className="MuiPrivateSwitchBase-input-65"
            data-indeterminate={false}
            onChange={[Function]}
            tabIndex={-1}
            type="checkbox"
          />
        </span>
      </span>
      <div
        className="MuiListItemText-root-81"
      >
        <span
          className="MuiTypography-root-3 MuiTypography-subheading-10 MuiListItemText-primary-84"
        >
          Ellen Amundsen
        </span>
      </div>
      <span
        className="MuiTouchRipple-root-87"
      />
    </div>
    <div
      className="MuiButtonBase-root-53 MuiListItem-root-42 MuiListItem-default-45 MuiListItem-gutters-49 MuiListItem-button-50 PersonList-listItem-2"
      onBlur={[Function]}
      onClick={[Function]}
      onFocus={[Function]}
      onKeyDown={[Function]}
      onKeyUp={[Function]}
      onMouseDown={[Function]}
      onMouseLeave={[Function]}
      onMouseUp={[Function]}
      onTouchEnd={[Function]}
      onTouchMove={[Function]}
      onTouchStart={[Function]}
      role="button"
      tabIndex="0"
    >
      <span
        className="MuiButtonBase-root-53 MuiIconButton-root-66 MuiPrivateSwitchBase-root-62 MuiCheckbox-root-56 MuiCheckbox-colorPrimary-60"
        onBlur={[Function]}
        onFocus={[Function]}
        onKeyDown={[Function]}
        onKeyUp={[Function]}
        onMouseDown={[Function]}
        onMouseLeave={[Function]}
        onMouseUp={[Function]}
        onTouchEnd={[Function]}
        onTouchMove={[Function]}
        onTouchStart={[Function]}
        tabIndex={null}
      >
        <span
          className="MuiIconButton-label-71"
        >
          <svg
            aria-hidden="true"
            className="MuiSvgIcon-root-72"
            focusable="false"
            role="presentation"
            viewBox="0 0 24 24"
          >
            <path
              d="M19 5v14H5V5h14m0-2H5c-1.1 0-2 .9-2 2v14c0 1.1.9 2 2 2h14c1.1 0 2-.9 2-2V5c0-1.1-.9-2-2-2z"
            />
          </svg>
          <input
            checked={false}
            className="MuiPrivateSwitchBase-input-65"
            data-indeterminate={false}
            onChange={[Function]}
            tabIndex={-1}
            type="checkbox"
          />
        </span>
      </span>
      <div
        className="MuiListItemText-root-81"
      >
        <span
          className="MuiTypography-root-3 MuiTypography-subheading-10 MuiListItemText-primary-84"
        >
          Berit Bakke
        </span>
      </div>
      <span
        className="MuiTouchRipple-root-87"
      />
    </div>
    <div
      className="MuiButtonBase-root-53 MuiListItem-root-42 MuiListItem-default-45 MuiListItem-gutters-49 MuiListItem-button-50 PersonList-listItem-2"
      onBlur={[Function]}
      onClick={[Function]}
      onFocus={[Function]}
      onKeyDown={[Function]}
      onKeyUp={[Function]}
      onMouseDown={[Function]}
      onMouseLeave={[Function]}
      onMouseUp={[Function]}
      onTouchEnd={[Function]}
      onTouchMove={[Function]}
      onTouchStart={[Function]}
      role="button"
      tabIndex="0"
    >
      <span
        className="MuiButtonBase-root-53 MuiIconButton-root-66 MuiPrivateSwitchBase-root-62 MuiCheckbox-root-56 MuiCheckbox-colorPrimary-60"
        onBlur={[Function]}
        onFocus={[Function]}
        onKeyDown={[Function]}
        onKeyUp={[Function]}
        onMouseDown={[Function]}
        onMouseLeave={[Function]}
        onMouseUp={[Function]}
        onTouchEnd={[Function]}
        onTouchMove={[Function]}
        onTouchStart={[Function]}
        tabIndex={null}
      >
        <span
          className="MuiIconButton-label-71"
        >
          <svg
            aria-hidden="true"
            className="MuiSvgIcon-root-72"
            focusable="false"
            role="presentation"
            viewBox="0 0 24 24"
          >
            <path
              d="M19 5v14H5V5h14m0-2H5c-1.1 0-2 .9-2 2v14c0 1.1.9 2 2 2h14c1.1 0 2-.9 2-2V5c0-1.1-.9-2-2-2z"
            />
          </svg>
          <input
            checked={false}
            className="MuiPrivateSwitchBase-input-65"
            data-indeterminate={false}
            onChange={[Function]}
            tabIndex={-1}
            type="checkbox"
          />
        </span>
      </span>
      <div
        className="MuiListItemText-root-81"
      >
        <span
          className="MuiTypography-root-3 MuiTypography-subheading-10 MuiListItemText-primary-84"
        >
          Terje Berge
        </span>
      </div>
      <span
        className="MuiTouchRipple-root-87"
      />
    </div>
    <div
      className="MuiButtonBase-root-53 MuiListItem-root-42 MuiListItem-default-45 MuiListItem-gutters-49 MuiListItem-button-50 PersonList-listItem-2"
      onBlur={[Function]}
      onClick={[Function]}
      onFocus={[Function]}
      onKeyDown={[Function]}
      onKeyUp={[Function]}
      onMouseDown={[Function]}
      onMouseLeave={[Function]}
      onMouseUp={[Function]}
      onTouchEnd={[Function]}
      onTouchMove={[Function]}
      onTouchStart={[Function]}
      role="button"
      tabIndex="0"
    >
      <span
        className="MuiButtonBase-root-53 MuiIconButton-root-66 MuiPrivateSwitchBase-root-62 MuiCheckbox-root-56 MuiCheckbox-colorPrimary-60"
        onBlur={[Function]}
        onFocus={[Function]}
        onKeyDown={[Function]}
        onKeyUp={[Function]}
        onMouseDown={[Function]}
        onMouseLeave={[Function]}
        onMouseUp={[Function]}
        onTouchEnd={[Function]}
        onTouchMove={[Function]}
        onTouchStart={[Function]}
        tabIndex={null}
      >
        <span
          className="MuiIconButton-label-71"
        >
          <svg
            aria-hidden="true"
            className="MuiSvgIcon-root-72"
            focusable="false"
            role="presentation"
            viewBox="0 0 24 24"
          >
            <path
              d="M19 5v14H5V5h14m0-2H5c-1.1 0-2 .9-2 2v14c0 1.1.9 2 2 2h14c1.1 0 2-.9 2-2V5c0-1.1-.9-2-2-2z"
            />
          </svg>
          <input
            checked={false}
            className="MuiPrivateSwitchBase-input-65"
            data-indeterminate={false}
            onChange={[Function]}
            tabIndex={-1}
            type="checkbox"
          />
        </span>
      </span>
      <div
        className="MuiListItemText-root-81"
      >
        <span
          className="MuiTypography-root-3 MuiTypography-subheading-10 MuiListItemText-primary-84"
        >
          Eva Andresen
        </span>
      </div>
      <span
        className="MuiTouchRipple-root-87"
      />
    </div>
    <div
      className="MuiButtonBase-root-53 MuiListItem-root-42 MuiListItem-default-45 MuiListItem-gutters-49 MuiListItem-button-50 PersonList-listItem-2"
      onBlur={[Function]}
      onClick={[Function]}
      onFocus={[Function]}
      onKeyDown={[Function]}
      onKeyUp={[Function]}
      onMouseDown={[Function]}
      onMouseLeave={[Function]}
      onMouseUp={[Function]}
      onTouchEnd={[Function]}
      onTouchMove={[Function]}
      onTouchStart={[Function]}
      role="button"
      tabIndex="0"
    >
      <span
        className="MuiButtonBase-root-53 MuiIconButton-root-66 MuiPrivateSwitchBase-root-62 MuiCheckbox-root-56 MuiCheckbox-colorPrimary-60"
        onBlur={[Function]}
        onFocus={[Function]}
        onKeyDown={[Function]}
        onKeyUp={[Function]}
        onMouseDown={[Function]}
        onMouseLeave={[Function]}
        onMouseUp={[Function]}
        onTouchEnd={[Function]}
        onTouchMove={[Function]}
        onTouchStart={[Function]}
        tabIndex={null}
      >
        <span
          className="MuiIconButton-label-71"
        >
          <svg
            aria-hidden="true"
            className="MuiSvgIcon-root-72"
            focusable="false"
            role="presentation"
            viewBox="0 0 24 24"
          >
            <path
              d="M19 5v14H5V5h14m0-2H5c-1.1 0-2 .9-2 2v14c0 1.1.9 2 2 2h14c1.1 0 2-.9 2-2V5c0-1.1-.9-2-2-2z"
            />
          </svg>
          <input
            checked={false}
            className="MuiPrivateSwitchBase-input-65"
            data-indeterminate={false}
            onChange={[Function]}
            tabIndex={-1}
            type="checkbox"
          />
        </span>
      </span>
      <div
        className="MuiListItemText-root-81"
      >
        <span
          className="MuiTypography-root-3 MuiTypography-subheading-10 MuiListItemText-primary-84"
        >
          Thomas Christensen
        </span>
      </div>
      <span
        className="MuiTouchRipple-root-87"
      />
    </div>
    <div
      className="MuiButtonBase-root-53 MuiListItem-root-42 MuiListItem-default-45 MuiListItem-gutters-49 MuiListItem-button-50 PersonList-listItem-2"
      onBlur={[Function]}
      onClick={[Function]}
      onFocus={[Function]}
      onKeyDown={[Function]}
      onKeyUp={[Function]}
      onMouseDown={[Function]}
      onMouseLeave={[Function]}
      onMouseUp={[Function]}
      onTouchEnd={[Function]}
      onTouchMove={[Function]}
      onTouchStart={[Function]}
      role="button"
      tabIndex="0"
    >
      <span
        className="MuiButtonBase-root-53 MuiIconButton-root-66 MuiPrivateSwitchBase-root-62 MuiCheckbox-root-56 MuiCheckbox-colorPrimary-60"
        onBlur={[Function]}
        onFocus={[Function]}
        onKeyDown={[Function]}
        onKeyUp={[Function]}
        onMouseDown={[Function]}
        onMouseLeave={[Function]}
        onMouseUp={[Function]}
        onTouchEnd={[Function]}
        onTouchMove={[Function]}
        onTouchStart={[Function]}
        tabIndex={null}
      >
        <span
          className="MuiIconButton-label-71"
        >
          <svg
            aria-hidden="true"
            className="MuiSvgIcon-root-72"
            focusable="false"
            role="presentation"
            viewBox="0 0 24 24"
          >
            <path
              d="M19 5v14H5V5h14m0-2H5c-1.1 0-2 .9-2 2v14c0 1.1.9 2 2 2h14c1.1 0 2-.9 2-2V5c0-1.1-.9-2-2-2z"
            />
          </svg>
          <input
            checked={false}
            className="MuiPrivateSwitchBase-input-65"
            data-indeterminate={false}
            onChange={[Function]}
            tabIndex={-1}
            type="checkbox"
          />
        </span>
      </span>
      <div
        className="MuiListItemText-root-81"
      >
        <span
          className="MuiTypography-root-3 MuiTypography-subheading-10 MuiListItemText-primary-84"
        >
          Maria Aas
        </span>
      </div>
      <span
        className="MuiTouchRipple-root-87"
      />
    </div>
    <div
      className="MuiButtonBase-root-53 MuiListItem-root-42 MuiListItem-default-45 MuiListItem-gutters-49 MuiListItem-button-50 PersonList-listItem-2"
      onBlur={[Function]}
      onClick={[Function]}
      onFocus={[Function]}
      onKeyDown={[Function]}
      onKeyUp={[Function]}
      onMouseDown={[Function]}
      onMouseLeave={[Function]}
      onMouseUp={[Function]}
      onTouchEnd={[Function]}
      onTouchMove={[Function]}
      onTouchStart={[Function]}
      role="button"
      tabIndex="0"
    >
      <span
        className="MuiButtonBase-root-53 MuiIconButton-root-66 MuiPrivateSwitchBase-root-62 MuiCheckbox-root-56 MuiCheckbox-colorPrimary-60"
        onBlur={[Function]}
        onFocus={[Function]}
        onKeyDown={[Function]}
        onKeyUp={[Function]}
        onMouseDown={[Function]}
        onMouseLeave={[Function]}
        onMouseUp={[Function]}
        onTouchEnd={[Function]}
        onTouchMove={[Function]}
        onTouchStart={[Function]}
        tabIndex={null}
      >
        <span
          className="MuiIconButton-label-71"
        >
          <svg
            aria-hidden="true"
            className="MuiSvgIcon-root-72"
            focusable="false"
            role="presentation"
            viewBox="0 0 24 24"
          >
            <path
              d="M19 5v14H5V5h14m0-2H5c-1.1 0-2 .9-2 2v14c0 1.1.9 2 2 2h14c1.1 0 2-.9 2-2V5c0-1.1-.9-2-2-2z"
            />
          </svg>
          <input
            checked={false}
            className="MuiPrivateSwitchBase-input-65"
            data-indeterminate={false}
            onChange={[Function]}
            tabIndex={-1}
            type="checkbox"
          />
        </span>
      </span>
      <div
        className="MuiListItemText-root-81"
      >
        <span
          className="MuiTypography-root-3 MuiTypography-subheading-10 MuiListItemText-primary-84"
        >
          Nils Berntsen
        </span>
      </div>
      <span
        className="MuiTouchRipple-root-87"
      />
    </div>
    <div
      className="MuiButtonBase-root-53 MuiListItem-root-42 MuiListItem-default-45 MuiListItem-gutters-49 MuiListItem-button-50 PersonList-listItem-2"
      onBlur={[Function]}
      onClick={[Function]}
      onFocus={[Function]}
      onKeyDown={[Function]}
      onKeyUp={[Function]}
      onMouseDown={[Function]}
      onMouseLeave={[Function]}
      onMouseUp={[Function]}
      onTouchEnd={[Function]}
      onTouchMove={[Function]}
      onTouchStart={[Function]}
      role="button"
      tabIndex="0"
    >
      <span
        className="MuiButtonBase-root-53 MuiIconButton-root-66 MuiPrivateSwitchBase-root-62 MuiCheckbox-root-56 MuiCheckbox-colorPrimary-60"
        onBlur={[Function]}
        onFocus={[Function]}
        onKeyDown={[Function]}
        onKeyUp={[Function]}
        onMouseDown={[Function]}
        onMouseLeave={[Function]}
        onMouseUp={[Function]}
        onTouchEnd={[Function]}
        onTouchMove={[Function]}
        onTouchStart={[Function]}
        tabIndex={null}
      >
        <span
          className="MuiIconButton-label-71"
        >
          <svg
            aria-hidden="true"
            className="MuiSvgIcon-root-72"
            focusable="false"
            role="presentation"
            viewBox="0 0 24 24"
          >
            <path
              d="M19 5v14H5V5h14m0-2H5c-1.1 0-2 .9-2 2v14c0 1.1.9 2 2 2h14c1.1 0 2-.9 2-2V5c0-1.1-.9-2-2-2z"
            />
          </svg>
          <input
            checked={false}
            className="MuiPrivateSwitchBase-input-65"
            data-indeterminate={false}
            onChange={[Function]}
            tabIndex={-1}
            type="checkbox"
          />
        </span>
      </span>
      <div
        className="MuiListItemText-root-81"
      >
        <span
          className="MuiTypography-root-3 MuiTypography-subheading-10 MuiListItemText-primary-84"
        >
          Marie Danielsen
        </span>
      </div>
      <span
        className="MuiTouchRipple-root-87"
      />
    </div>
    <div
      className="MuiButtonBase-root-53 MuiListItem-root-42 MuiListItem-default-45 MuiListItem-gutters-49 MuiListItem-button-50 PersonList-listItem-2"
      onBlur={[Function]}
      onClick={[Function]}
      onFocus={[Function]}
      onKeyDown={[Function]}
      onKeyUp={[Function]}
      onMouseDown={[Function]}
      onMouseLeave={[Function]}
      onMouseUp={[Function]}
      onTouchEnd={[Function]}
      onTouchMove={[Function]}
      onTouchStart={[Function]}
      role="button"
      tabIndex="0"
    >
      <span
        className="MuiButtonBase-root-53 MuiIconButton-root-66 MuiPrivateSwitchBase-root-62 MuiCheckbox-root-56 MuiCheckbox-colorPrimary-60"
        onBlur={[Function]}
        onFocus={[Function]}
        onKeyDown={[Function]}
        onKeyUp={[Function]}
        onMouseDown={[Function]}
        onMouseLeave={[Function]}
        onMouseUp={[Function]}
        onTouchEnd={[Function]}
        onTouchMove={[Function]}
        onTouchStart={[Function]}
        tabIndex={null}
      >
        <span
          className="MuiIconButton-label-71"
        >
          <svg
            aria-hidden="true"
            className="MuiSvgIcon-root-72"
            focusable="false"
            role="presentation"
            viewBox="0 0 24 24"
          >
            <path
              d="M19 5v14H5V5h14m0-2H5c-1.1 0-2 .9-2 2v14c0 1.1.9 2 2 2h14c1.1 0 2-.9 2-2V5c0-1.1-.9-2-2-2z"
            />
          </svg>
          <input
            checked={false}
            className="MuiPrivateSwitchBase-input-65"
            data-indeterminate={false}
            onChange={[Function]}
            tabIndex={-1}
            type="checkbox"
          />
        </span>
      </span>
      <div
        className="MuiListItemText-root-81"
      >
        <span
          className="MuiTypography-root-3 MuiTypography-subheading-10 MuiListItemText-primary-84"
        >
          Lars Arnesen
        </span>
      </div>
      <span
        className="MuiTouchRipple-root-87"
      />
    </div>
    <div
      className="MuiButtonBase-root-53 MuiListItem-root-42 MuiListItem-default-45 MuiListItem-gutters-49 MuiListItem-button-50 PersonList-listItem-2"
      onBlur={[Function]}
      onClick={[Function]}
      onFocus={[Function]}
      onKeyDown={[Function]}
      onKeyUp={[Function]}
      onMouseDown={[Function]}
      onMouseLeave={[Function]}
      onMouseUp={[Function]}
      onTouchEnd={[Function]}
      onTouchMove={[Function]}
      onTouchStart={[Function]}
      role="button"
      tabIndex="0"
    >
      <span
        className="MuiButtonBase-root-53 MuiIconButton-root-66 MuiPrivateSwitchBase-root-62 MuiCheckbox-root-56 MuiCheckbox-colorPrimary-60"
        onBlur={[Function]}
        onFocus={[Function]}
        onKeyDown={[Function]}
        onKeyUp={[Function]}
        onMouseDown={[Function]}
        onMouseLeave={[Function]}
        onMouseUp={[Function]}
        onTouchEnd={[Function]}
        onTouchMove={[Function]}
        onTouchStart={[Function]}
        tabIndex={null}
      >
        <span
          className="MuiIconButton-label-71"
        >
          <svg
            aria-hidden="true"
            className="MuiSvgIcon-root-72"
            focusable="false"
            role="presentation"
            viewBox="0 0 24 24"
          >
            <path
              d="M19 5v14H5V5h14m0-2H5c-1.1 0-2 .9-2 2v14c0 1.1.9 2 2 2h14c1.1 0 2-.9 2-2V5c0-1.1-.9-2-2-2z"
            />
          </svg>
          <input
            checked={false}
            className="MuiPrivateSwitchBase-input-65"
            data-indeterminate={false}
            onChange={[Function]}
            tabIndex={-1}
            type="checkbox"
          />
        </span>
      </span>
      <div
        className="MuiListItemText-root-81"
      >
        <span
          className="MuiTypography-root-3 MuiTypography-subheading-10 MuiListItemText-primary-84"
        >
          Tor Antonsen
        </span>
      </div>
      <span
        className="MuiTouchRipple-root-87"
      />
    </div>
    <div
      className="MuiButtonBase-root-53 MuiListItem-root-42 MuiListItem-default-45 MuiListItem-gutters-49 MuiListItem-button-50 PersonList-listItem-2"
      onBlur={[Function]}
      onClick={[Function]}
      onFocus={[Function]}
      onKeyDown={[Function]}
      onKeyUp={[Function]}
      onMouseDown={[Function]}
      onMouseLeave={[Function]}
      onMouseUp={[Function]}
      onTouchEnd={[Function]}
      onTouchMove={[Function]}
      onTouchStart={[Function]}
      role="button"
      tabIndex="0"
    >
      <span
        className="MuiButtonBase-root-53 MuiIconButton-root-66 MuiPrivateSwitchBase-root-62 MuiCheckbox-root-56 MuiCheckbox-colorPrimary-60"
        onBlur={[Function]}
        onFocus={[Function]}
        onKeyDown={[Function]}
        onKeyUp={[Function]}
        onMouseDown={[Function]}
        onMouseLeave={[Function]}
        onMouseUp={[Function]}
        onTouchEnd={[Function]}
        onTouchMove={[Function]}
        onTouchStart={[Function]}
        tabIndex={null}
      >
        <span
          className="MuiIconButton-label-71"
        >
          <svg
            aria-hidden="true"
            className="MuiSvgIcon-root-72"
            focusable="false"
            role="presentation"
            viewBox="0 0 24 24"
          >
            <path
              d="M19 5v14H5V5h14m0-2H5c-1.1 0-2 .9-2 2v14c0 1.1.9 2 2 2h14c1.1 0 2-.9 2-2V5c0-1.1-.9-2-2-2z"
            />
          </svg>
          <input
            checked={false}
            className="MuiPrivateSwitchBase-input-65"
            data-indeterminate={false}
            onChange={[Function]}
            tabIndex={-1}
            type="checkbox"
          />
        </span>
      </span>
      <div
        className="MuiListItemText-root-81"
      >
        <span
          className="MuiTypography-root-3 MuiTypography-subheading-10 MuiListItemText-primary-84"
        >
          Fredrik Birkeland
        </span>
      </div>
      <span
        className="MuiTouchRipple-root-87"
      />
    </div>
    <div
      className="MuiButtonBase-root-53 MuiListItem-root-42 MuiListItem-default-45 MuiListItem-gutters-49 MuiListItem-button-50 PersonList-listItem-2"
      onBlur={[Function]}
      onClick={[Function]}
      onFocus={[Function]}
      onKeyDown={[Function]}
      onKeyUp={[Function]}
      onMouseDown={[Function]}
      onMouseLeave={[Function]}
      onMouseUp={[Function]}
      onTouchEnd={[Function]}
      onTouchMove={[Function]}
      onTouchStart={[Function]}
      role="button"
      tabIndex="0"
    >
      <span
        className="MuiButtonBase-root-53 MuiIconButton-root-66 MuiPrivateSwitchBase-root-62 MuiCheckbox-root-56 MuiCheckbox-colorPrimary-60"
        onBlur={[Function]}
        onFocus={[Function]}
        onKeyDown={[Function]}
        onKeyUp={[Function]}
        onMouseDown={[Function]}
        onMouseLeave={[Function]}
        onMouseUp={[Function]}
        onTouchEnd={[Function]}
        onTouchMove={[Function]}
        onTouchStart={[Function]}
        tabIndex={null}
      >
        <span
          className="MuiIconButton-label-71"
        >
          <svg
            aria-hidden="true"
            className="MuiSvgIcon-root-72"
            focusable="false"
            role="presentation"
            viewBox="0 0 24 24"
          >
            <path
              d="M19 5v14H5V5h14m0-2H5c-1.1 0-2 .9-2 2v14c0 1.1.9 2 2 2h14c1.1 0 2-.9 2-2V5c0-1.1-.9-2-2-2z"
            />
          </svg>
          <input
            checked={false}
            className="MuiPrivateSwitchBase-input-65"
            data-indeterminate={false}
            onChange={[Function]}
            tabIndex={-1}
            type="checkbox"
          />
        </span>
      </span>
      <div
        className="MuiListItemText-root-81"
      >
        <span
          className="MuiTypography-root-3 MuiTypography-subheading-10 MuiListItemText-primary-84"
        >
          Liv Aasen
        </span>
      </div>
      <span
        className="MuiTouchRipple-root-87"
      />
    </div>
    <div
      className="MuiButtonBase-root-53 MuiListItem-root-42 MuiListItem-default-45 MuiListItem-gutters-49 MuiListItem-button-50 PersonList-listItem-2"
      onBlur={[Function]}
      onClick={[Function]}
      onFocus={[Function]}
      onKeyDown={[Function]}
      onKeyUp={[Function]}
      onMouseDown={[Function]}
      onMouseLeave={[Function]}
      onMouseUp={[Function]}
      onTouchEnd={[Function]}
      onTouchMove={[Function]}
      onTouchStart={[Function]}
      role="button"
      tabIndex="0"
    >
      <span
        className="MuiButtonBase-root-53 MuiIconButton-root-66 MuiPrivateSwitchBase-root-62 MuiCheckbox-root-56 MuiCheckbox-colorPrimary-60"
        onBlur={[Function]}
        onFocus={[Function]}
        onKeyDown={[Function]}
        onKeyUp={[Function]}
        onMouseDown={[Function]}
        onMouseLeave={[Function]}
        onMouseUp={[Function]}
        onTouchEnd={[Function]}
        onTouchMove={[Function]}
        onTouchStart={[Function]}
        tabIndex={null}
      >
        <span
          className="MuiIconButton-label-71"
        >
          <svg
            aria-hidden="true"
            className="MuiSvgIcon-root-72"
            focusable="false"
            role="presentation"
            viewBox="0 0 24 24"
          >
            <path
              d="M19 5v14H5V5h14m0-2H5c-1.1 0-2 .9-2 2v14c0 1.1.9 2 2 2h14c1.1 0 2-.9 2-2V5c0-1.1-.9-2-2-2z"
            />
          </svg>
          <input
            checked={false}
            className="MuiPrivateSwitchBase-input-65"
            data-indeterminate={false}
            onChange={[Function]}
            tabIndex={-1}
            type="checkbox"
          />
        </span>
      </span>
      <div
        className="MuiListItemText-root-81"
      >
        <span
          className="MuiTypography-root-3 MuiTypography-subheading-10 MuiListItemText-primary-84"
        >
          Silje Bøe
        </span>
      </div>
      <span
        className="MuiTouchRipple-root-87"
      />
    </div>
    <div
      className="MuiButtonBase-root-53 MuiListItem-root-42 MuiListItem-default-45 MuiListItem-gutters-49 MuiListItem-button-50 PersonList-listItem-2"
      onBlur={[Function]}
      onClick={[Function]}
      onFocus={[Function]}
      onKeyDown={[Function]}
      onKeyUp={[Function]}
      onMouseDown={[Function]}
      onMouseLeave={[Function]}
      onMouseUp={[Function]}
      onTouchEnd={[Function]}
      onTouchMove={[Function]}
      onTouchStart={[Function]}
      role="button"
      tabIndex="0"
    >
      <span
        className="MuiButtonBase-root-53 MuiIconButton-root-66 MuiPrivateSwitchBase-root-62 MuiCheckbox-root-56 MuiCheckbox-colorPrimary-60"
        onBlur={[Function]}
        onFocus={[Function]}
        onKeyDown={[Function]}
        onKeyUp={[Function]}
        onMouseDown={[Function]}
        onMouseLeave={[Function]}
        onMouseUp={[Function]}
        onTouchEnd={[Function]}
        onTouchMove={[Function]}
        onTouchStart={[Function]}
        tabIndex={null}
      >
        <span
          className="MuiIconButton-label-71"
        >
          <svg
            aria-hidden="true"
            className="MuiSvgIcon-root-72"
            focusable="false"
            role="presentation"
            viewBox="0 0 24 24"
          >
            <path
              d="M19 5v14H5V5h14m0-2H5c-1.1 0-2 .9-2 2v14c0 1.1.9 2 2 2h14c1.1 0 2-.9 2-2V5c0-1.1-.9-2-2-2z"
            />
          </svg>
          <input
            checked={false}
            className="MuiPrivateSwitchBase-input-65"
            data-indeterminate={false}
            onChange={[Function]}
            tabIndex={-1}
            type="checkbox"
          />
        </span>
      </span>
      <div
        className="MuiListItemText-root-81"
      >
        <span
          className="MuiTypography-root-3 MuiTypography-subheading-10 MuiListItemText-primary-84"
        >
          Kristin Aune
        </span>
      </div>
      <span
        className="MuiTouchRipple-root-87"
      />
    </div>
  </ul>
</div>
`;
